
Discarded input sections

 .text          0x0000000000000000        0x0 src/init.o
 .data          0x0000000000000000        0x0 src/init.o
 .bss           0x0000000000000000        0x0 src/init.o
 .text          0x0000000000000000        0x0 src/Test1.o
 .data          0x0000000000000000        0x0 src/Test1.o
 .bss           0x0000000000000000        0x0 src/Test1.o
 .xt.prop       0x0000000000000000       0x18 src/Test1.o
 .text          0x0000000000000000        0x0 src/Test2.o
 .data          0x0000000000000000        0x0 src/Test2.o
 .bss           0x0000000000000000        0x0 src/Test2.o
 .xt.prop       0x0000000000000000       0x18 src/Test2.o

Memory Configuration

Name             Origin             Length             Attributes
CODE_RAM         0x0000000040080400 0x000000000000fc00 xr
DATA_RAM         0x000000003fff0000 0x0000000000001000 rw
*default*        0x0000000000000000 0xffffffffffffffff

Linker script and memory map

LOAD src/init.o
LOAD src/Test1.o
LOAD src/Test2.o

.iram.text      0x0000000040080400       0xbc
                0x0000000040080400                . = ALIGN (0x10)
                0x0000000040080400                _itable = .
 *(.init_table*)
 .init_table._module_Test1
                0x0000000040080400        0x4 src/Test1.o
 .init_table._module_Test2
                0x0000000040080404        0x4 src/Test2.o
                0x0000000040080408                _eitable = .
 *(.entry.text)
 .entry.text    0x0000000040080408       0x8c src/init.o
                                         0x90 (size before relaxing)
                0x000000004008042c                _init_start
 *(.text)
 *(.text*)
 .text._module_Test1
                0x0000000040080494        0x4 src/Test1.o
 .text._module_Test2
                0x0000000040080498        0x4 src/Test2.o
                0x000000004008049c                . = ALIGN (0x4)
 *(.init*)
 .init._module_Test1
                0x000000004008049c       0x10 src/Test1.o
 .init._module_Test2
                0x00000000400804ac       0x10 src/Test2.o
 .init._module_Test1.literal
                0x00000000400804bc        0x0 src/Test1.o
 .init._module_Test2.literal
                0x00000000400804bc        0x0 src/Test2.o
 *(.fini)
 *(.rodata)
 *(.rodata*)
                0x00000000400804bc                . = ALIGN (0x4)
                0x00000000400804bc                _etext = .
                0x00000000400804bc                _sidata = .

.data           0x000000003fff0000        0x0 load address 0x00000000400804bc
                0x000000003fff0000                . = ALIGN (0x4)
                0x000000003fff0000                _sdata = .
 *(.data)
 *(.data*)
                0x000000003fff0000                . = ALIGN (0x4)
                0x000000003fff0000                _edata = .

.bss            0x000000003fff0000       0x68
                0x000000003fff0000                . = ALIGN (0x4)
                0x000000003fff0000                _sbss = .
 *(.bss)
 *(.bss*)
 .bss._module_Test1
                0x000000003fff0000       0x34 src/Test1.o
 .bss._module_Test2
                0x000000003fff0034       0x34 src/Test2.o
 *(COMMON)
                0x000000003fff0068                . = ALIGN (0x4)
                0x000000003fff0068                _ebss = .
                0x000000003fff0068                . = ALIGN (0x4)
                [!provide]                        PROVIDE (end = .)
                [!provide]                        PROVIDE (_end = .)
                0x000000004006387c                __absvdi2 = 0x4006387c
                0x0000000040063868                __absvsi2 = 0x40063868
                0x0000000040002590                __adddf3 = 0x40002590
                0x00000000400020e8                __addsf3 = 0x400020e8
                0x0000000040002cbc                __addvdi3 = 0x40002cbc
                0x0000000040002c98                __addvsi3 = 0x40002c98
                0x000000004000c818                __ashldi3 = 0x4000c818
                0x000000004000c830                __ashrdi3 = 0x4000c830
                0x0000000040064b08                __bswapdi2 = 0x40064b08
                0x0000000040064ae0                __bswapsi2 = 0x40064ae0
                0x0000000040064b7c                __clrsbdi2 = 0x40064b7c
                0x0000000040064b64                __clrsbsi2 = 0x40064b64
                0x000000004000ca50                __clzdi2 = 0x4000ca50
                0x000000004000c7e8                __clzsi2 = 0x4000c7e8
                0x0000000040063820                __cmpdi2 = 0x40063820
                0x000000004000ca64                __ctzdi2 = 0x4000ca64
                0x000000004000c7f0                __ctzsi2 = 0x4000c7f0
                0x00000000400645a4                __divdc3 = 0x400645a4
                0x0000000040002954                __divdf3 = 0x40002954
                0x000000004000ca84                __divdi3 = 0x4000ca84
                0x000000004000c7b8                __divsi3 = 0x4000c7b8
                0x00000000400636a8                __eqdf2 = 0x400636a8
                0x0000000040063374                __eqsf2 = 0x40063374
                0x0000000040002c34                __extendsfdf2 = 0x40002c34
                0x000000004000ca2c                __ffsdi2 = 0x4000ca2c
                0x000000004000c804                __ffssi2 = 0x4000c804
                0x0000000040002ac4                __fixdfdi = 0x40002ac4
                0x0000000040002a78                __fixdfsi = 0x40002a78
                0x000000004000244c                __fixsfdi = 0x4000244c
                0x000000004000240c                __fixsfsi = 0x4000240c
                0x0000000040002b30                __fixunsdfsi = 0x40002b30
                0x0000000040002504                __fixunssfdi = 0x40002504
                0x00000000400024ac                __fixunssfsi = 0x400024ac
                0x000000004000c988                __floatdidf = 0x4000c988
                0x000000004000c8c0                __floatdisf = 0x4000c8c0
                0x000000004000c944                __floatsidf = 0x4000c944
                0x000000004000c870                __floatsisf = 0x4000c870
                0x000000004000c978                __floatundidf = 0x4000c978
                0x000000004000c8b0                __floatundisf = 0x4000c8b0
                0x000000004000c938                __floatunsidf = 0x4000c938
                0x000000004000c864                __floatunsisf = 0x4000c864
                0x0000000040064a70                __gcc_bcmp = 0x40064a70
                0x0000000040063768                __gedf2 = 0x40063768
                0x000000004006340c                __gesf2 = 0x4006340c
                0x00000000400636dc                __gtdf2 = 0x400636dc
                0x00000000400633a0                __gtsf2 = 0x400633a0
                0x0000000040063704                __ledf2 = 0x40063704
                0x00000000400633c0                __lesf2 = 0x400633c0
                0x000000004000c84c                __lshrdi3 = 0x4000c84c
                0x0000000040063790                __ltdf2 = 0x40063790
                0x000000004006342c                __ltsf2 = 0x4006342c
                0x000000004000cd4c                __moddi3 = 0x4000cd4c
                0x000000004000c7c0                __modsi3 = 0x4000c7c0
                0x0000000040063c90                __muldc3 = 0x40063c90
                0x000000004006358c                __muldf3 = 0x4006358c
                0x000000004000c9fc                __muldi3 = 0x4000c9fc
                0x00000000400632c8                __mulsf3 = 0x400632c8
                0x000000004000c7b0                __mulsi3 = 0x4000c7b0
                0x0000000040002d78                __mulvdi3 = 0x40002d78
                0x0000000040002d60                __mulvsi3 = 0x40002d60
                0x00000000400636a8                __nedf2 = 0x400636a8
                0x00000000400634a0                __negdf2 = 0x400634a0
                0x000000004000ca14                __negdi2 = 0x4000ca14
                0x00000000400020c0                __negsf2 = 0x400020c0
                0x0000000040002e98                __negvdi2 = 0x40002e98
                0x0000000040002e78                __negvsi2 = 0x40002e78
                0x0000000040063374                __nesf2 = 0x40063374
                0x000000003ff96544                __nsau_data = 0x3ff96544
                0x0000000040002f3c                __paritysi2 = 0x40002f3c
                0x000000003ff96544                __popcount_tab = 0x3ff96544
                0x0000000040002ef8                __popcountdi2 = 0x40002ef8
                0x0000000040002ed0                __popcountsi2 = 0x40002ed0
                0x00000000400638e4                __powidf2 = 0x400638e4
                0x00000000400026e4                __subdf3 = 0x400026e4
                0x00000000400021d0                __subsf3 = 0x400021d0
                0x0000000040002d20                __subvdi3 = 0x40002d20
                0x0000000040002cf8                __subvsi3 = 0x40002cf8
                0x0000000040002b90                __truncdfsf2 = 0x40002b90
                0x0000000040063840                __ucmpdi2 = 0x40063840
                0x0000000040064bec                __udiv_w_sdiv = 0x40064bec
                0x000000004000cff8                __udivdi3 = 0x4000cff8
                0x0000000040064bf4                __udivmoddi4 = 0x40064bf4
                0x000000004000c7c8                __udivsi3 = 0x4000c7c8
                0x000000004000d280                __umoddi3 = 0x4000d280
                0x000000004000c7d0                __umodsi3 = 0x4000c7d0
                0x000000004000c7d8                __umulsidi3 = 0x4000c7d8
                0x00000000400637f4                __unorddf2 = 0x400637f4
                0x0000000040063478                __unordsf2 = 0x40063478
OUTPUT(main.elf elf32-xtensa-le)

.xtensa.info    0x0000000000000000       0x38
 .xtensa.info   0x0000000000000000       0x38 src/init.o
 .xtensa.info   0x0000000000000038        0x0 src/Test1.o
 .xtensa.info   0x0000000000000038        0x0 src/Test2.o

Cross Reference Table

Symbol                                            File
_ebss                                             src/init.o
_edata                                            src/init.o
_eitable                                          src/init.o
_init_start                                       src/init.o
_itable                                           src/init.o
_sbss                                             src/init.o
_sdata                                            src/init.o
_sidata                                           src/init.o
